// Jest Snapshot v1, https://goo.gl/fbAQLP

exports[`Keypad should render correctly 1`] = `
ShallowWrapper {
  "length": 1,
  Symbol(enzyme.__root__): [Circular],
  Symbol(enzyme.__unrendered__): <Keypad
    callOperator={[Function]}
    numbers={Array []}
    operators={Array []}
    setOperator={[Function]}
    updateDisplay={[Function]}
/>,
  Symbol(enzyme.__renderer__): Object {
    "batchedUpdates": [Function],
    "getNode": [Function],
    "render": [Function],
    "simulateEvent": [Function],
    "unmount": [Function],
  },
  Symbol(enzyme.__node__): Object {
    "instance": null,
    "key": undefined,
    "nodeType": "class",
    "props": Object {
      "children": Array [
        <div
          className="numbers-container"
>
          
</div>,
        <div
          className="operators-container"
>
          
</div>,
        <Key
          keyAction={[Function]}
          keyType="submit-key"
          keyValue="="
/>,
      ],
      "className": "keypad-container",
    },
    "ref": null,
    "rendered": Array [
      Object {
        "instance": null,
        "key": undefined,
        "nodeType": "class",
        "props": Object {
          "children": Array [],
          "className": "numbers-container",
        },
        "ref": null,
        "rendered": Array [],
        "type": [Function],
      },
      Object {
        "instance": null,
        "key": undefined,
        "nodeType": "class",
        "props": Object {
          "children": Array [],
          "className": "operators-container",
        },
        "ref": null,
        "rendered": Array [],
        "type": [Function],
      },
      Object {
        "instance": null,
        "key": undefined,
        "nodeType": "function",
        "props": Object {
          "keyAction": [Function],
          "keyType": "submit-key",
          "keyValue": "=",
        },
        "ref": null,
        "rendered": null,
        "type": [Function],
      },
    ],
    "type": [Function],
  },
  Symbol(enzyme.__nodes__): Array [
    Object {
      "instance": null,
      "key": undefined,
      "nodeType": "class",
      "props": Object {
        "children": Array [
          <div
            className="numbers-container"
>
            
</div>,
          <div
            className="operators-container"
>
            
</div>,
          <Key
            keyAction={[Function]}
            keyType="submit-key"
            keyValue="="
/>,
        ],
        "className": "keypad-container",
      },
      "ref": null,
      "rendered": Array [
        Object {
          "instance": null,
          "key": undefined,
          "nodeType": "class",
          "props": Object {
            "children": Array [],
            "className": "numbers-container",
          },
          "ref": null,
          "rendered": Array [],
          "type": [Function],
        },
        Object {
          "instance": null,
          "key": undefined,
          "nodeType": "class",
          "props": Object {
            "children": Array [],
            "className": "operators-container",
          },
          "ref": null,
          "rendered": Array [],
          "type": [Function],
        },
        Object {
          "instance": null,
          "key": undefined,
          "nodeType": "function",
          "props": Object {
            "keyAction": [Function],
            "keyType": "submit-key",
            "keyValue": "=",
          },
          "ref": null,
          "rendered": null,
          "type": [Function],
        },
      ],
      "type": [Function],
    },
  ],
  Symbol(enzyme.__options__): Object {
    "adapter": ReactSixteenAdapter {
      "options": Object {
        "enableComponentDidUpdateOnSetState": true,
      },
    },
  },
}
`;
